src/components/GoogleReviews.tsx(60,28): error TS2339: Property 'initial' does not exist on type 'Review'.
src/routes/admin.categories.tsx(226,28): error TS2339: Property 'image_file' does not exist on type '{ image: string; }'.
src/routes/admin.gallery.tsx(309,28): error TS2339: Property 'image_file' does not exist on type '{ image: string; order: number; }'.
src/routes/admin.index.tsx(120,30): error TS2552: Cannot find name 'navigate'. Did you mean 'navigator'?
src/routes/admin.products.tsx(96,20): error TS2322: Type 'string' is not assignable to type 'null'.
src/routes/admin.products.tsx(271,28): error TS2339: Property 'image_file' does not exist on type '{ image: string; images: string[]; featured: boolean; features: string[]; }'.
src/routes/admin.products.tsx(272,48): error TS7053: Element implicitly has an 'any' type because expression of type '`images_files_${number}`' can't be used to index type '{ image: string; images: string[]; featured: boolean; features: string[]; }'.
src/routes/admin.reviews.tsx(46,5): error TS2769: No overload matches this call.
  Overload 1 of 3, '(options: DefinedInitialDataOptions<Review[], Error, Review[], readonly unknown[]>, queryClient?: QueryClient | undefined): DefinedUseQueryResult<...>', gave the following error.
    Type '() => Promise<Review[]>' is not assignable to type 'QueryFunction<Review[], readonly unknown[]>'.
      Type 'Promise<Review[]>' is not assignable to type 'Review[] | Promise<Review[]>'.
        Type 'Promise<import("C:/Users/HP/Downloads/sahjanand/frontend/src/lib/api").Review[]>' is not assignable to type 'Promise<Review[]>'.
          Type 'import("C:/Users/HP/Downloads/sahjanand/frontend/src/lib/api").Review[]' is not assignable to type 'Review[]'.
            Type 'Review' is missing the following properties from type 'Review': _id, initial
  Overload 2 of 3, '(options: UndefinedInitialDataOptions<Review[], Error, Review[], readonly unknown[]>, queryClient?: QueryClient | undefined): UseQueryResult<...>', gave the following error.
    Type '() => Promise<Review[]>' is not assignable to type 'unique symbol | QueryFunction<Review[], readonly unknown[], never> | undefined'.
      Type '() => Promise<Review[]>' is not assignable to type 'QueryFunction<Review[], readonly unknown[], never>'.
        Type 'Promise<Review[]>' is not assignable to type 'Review[] | Promise<Review[]>'.
          Type 'Promise<import("C:/Users/HP/Downloads/sahjanand/frontend/src/lib/api").Review[]>' is not assignable to type 'Promise<Review[]>'.
            Type 'import("C:/Users/HP/Downloads/sahjanand/frontend/src/lib/api").Review[]' is not assignable to type 'Review[]'.
              Type 'Review' is missing the following properties from type 'Review': _id, initial
  Overload 3 of 3, '(options: UseQueryOptions<Review[], Error, Review[], readonly unknown[]>, queryClient?: QueryClient | undefined): UseQueryResult<Review[], Error>', gave the following error.
    Type '() => Promise<Review[]>' is not assignable to type 'unique symbol | QueryFunction<Review[], readonly unknown[], never> | undefined'.
      Type '() => Promise<Review[]>' is not assignable to type 'QueryFunction<Review[], readonly unknown[], never>'.
        Type 'Promise<Review[]>' is not assignable to type 'Review[] | Promise<Review[]>'.
          Type 'Promise<import("C:/Users/HP/Downloads/sahjanand/frontend/src/lib/api").Review[]>' is not assignable to type 'Promise<Review[]>'.
            Type 'import("C:/Users/HP/Downloads/sahjanand/frontend/src/lib/api").Review[]' is not assignable to type 'Review[]'.
              Type 'Review' is missing the following properties from type 'Review': _id, initial
src/routes/admin.reviews.tsx(275,22): error TS2339: Property 'length' does not exist on type 'NonNullable<NoInfer_2<TQueryFnData>>'.
src/routes/admin.reviews.tsx(281,22): error TS2339: Property 'map' does not exist on type 'NonNullable<NoInfer_2<TQueryFnData>>'.
src/routes/admin.reviews.tsx(281,27): error TS7006: Parameter 'review' implicitly has an 'any' type.
src/routes/product.$id.tsx(106,39): error TS7006: Parameter 'img' implicitly has an 'any' type.
src/routes/product.$id.tsx(106,44): error TS7006: Parameter 'idx' implicitly has an 'any' type.
src/routes/product.$id.tsx(144,44): error TS7006: Parameter 'feature' implicitly has an 'any' type.
src/routes/product.$id.tsx(144,53): error TS7006: Parameter 'idx' implicitly has an 'any' type.
vite.config.ts(5,29): error TS2769: No overload matches this call.
  The last overload gave the following error.
    Value of type '({ mode }: ConfigEnv) => { vite: { server: { port: number; strictPort: boolean; }; }; }' has no properties in common with type 'LovableViteTanstackOptions'. Did you mean to call it?
